../Core/Src/main.c:90:5:main	16	static
../Core/Src/main.c:165:6:SystemClock_Config	88	static
../Core/Src/main.c:212:13:MX_TIM1_Init	128	static
../Core/Src/main.c:306:13:MX_TIM2_Init	56	static
../Core/Src/main.c:355:13:MX_TIM3_Init	64	static
../Core/Src/main.c:414:13:MX_USART1_UART_Init	8	static
../Core/Src/main.c:462:13:MX_USART2_UART_Init	8	static
../Core/Src/main.c:508:13:MX_DMA_Init	16	static
../Core/Src/main.c:533:13:MX_GPIO_Init	48	static
../Core/Src/main.c:620:6:serviceMotor	16	static
../Core/Src/main.c:646:10:getEncoderValue	4	static
../Core/Src/main.c:663:6:zeroEncoderValue	4	static
../Core/Src/main.c:679:9:getZStop	4	static
../Core/Src/main.c:684:6:HAL_GPIO_EXTI_Callback	16	static
../Core/Src/main.c:694:6:HAL_TIM_PWM_PulseFinishedCallback	16	static
../Core/Src/main.c:707:6:Error_Handler	4	static,ignoring_inline_asm
