../Core/Src/main.c:84:5:main	8	static
../Core/Src/main.c:151:6:SystemClock_Config	88	static
../Core/Src/main.c:198:13:MX_TIM1_Init	128	static
../Core/Src/main.c:292:13:MX_TIM2_Init	56	static
../Core/Src/main.c:341:13:MX_USART1_UART_Init	8	static
../Core/Src/main.c:389:13:MX_USART2_UART_Init	8	static
../Core/Src/main.c:435:13:MX_DMA_Init	16	static
../Core/Src/main.c:457:13:MX_GPIO_Init	48	static
../Core/Src/main.c:487:6:HAL_UART_RxCpltCallback	24	static
../Core/Src/main.c:499:6:Error_Handler	4	static,ignoring_inline_asm
